// Vitest Snapshot v1, https://vitest.dev/guide/snapshot.html

exports[`middleware/handleMessage > bot_message 1`] = `
{
  "app_id": "A081TNA8XPW",
  "blocks": [
    {
      "block_id": "cVrp",
      "elements": [
        {
          "elements": [
            {
              "name": "bust_in_silhouette",
              "type": "emoji",
              "unicode": "1f464",
            },
            {
              "text": "@guerrerocarlos",
              "type": "link",
              "unsafe": true,
              "url": "https://instagram.com/guerrerocarlos",
            },
            {
              "text": "
Buen día, quiero saber mas de tu curso",
              "type": "text",
            },
          ],
          "type": "rich_text_section",
        },
      ],
      "type": "rich_text",
    },
  ],
  "bot_id": "B081AM1MACX",
  "channel": "C085CLKB0UQ",
  "channel_type": "group",
  "event_ts": "1741376681.681839",
  "icons": {
    "image_48": "https://s3-us-west-2.amazonaws.com/slack-files2/bot_icons/2025-01-02/8264810894784_48.png",
  },
  "subtype": "bot_message",
  "text": "Hello are you there?",
  "ts": "1741376681.681839",
  "type": "message",
  "username": "guerrerocarlos",
}
`;
