// Vitest Snapshot v1, https://vitest.dev/guide/snapshot.html

exports[`utils/ai > should create an OpenAI prompt with the correct configuration 1`] = `
{
  "messages": [
    {
      "content": "Hello, how can I help you?",
      "role": "system",
    },
  ],
  "model": "gpt-3.5-turbo",
  "n": 1,
  "temperature": 0,
}
`;
